{"logTime": "0525/214703", "correlationVector":"OV7AQ/l+VTncwHq8Xxbmjc.1","action":"SyncServerConnectionManagerRequest", "result":"SYNC_SERVER_OK", "context":{"environment":"Prod_brazilsouth_prod-s01-034-sam-brazilsouth", "migrationStage":"NotStarted", "server":"akswtt10100000a"}}
{"logTime": "0525/214703", "correlationVector":"OV7AQ/l+VTncwHq8Xxbmjc.2","action":"ProcessGetUpdates", "result":"Done", "context":{"dataType":"Encryption Keys", "deleted":"0", "process_failed_to_decrypt":"0", "process_pending_decryption":"0", "process_success":"1", "total":"1"}}
{"logTime": "0525/214704", "correlationVector":"Gf3kpT9XDvwpXmMX8/QWBs","action":"SyncServerConnectionManagerRequest", "result":"SYNC_SERVER_OK", "context":{"environment":"", "migrationStage":"", "server":""}}
{"logTime": "0525/214704", "correlationVector":"Gf3kpT9XDvwpXmMX8/QWBs.0","action":"EncryptionKeysFetcher.DownloadKeys:", "result":"Success", "context":Key count: 4, Last key timestamp: 2026-02-25T00:43:16Z}
{"logTime": "0525/214704", "correlationVector":"Gf3kpT9XDvwpXmMX8/QWBs.1","action":"EncryptionKeysManager::SetEncryptionKeys:", "result":"Success", "context":Key names[4]:[YhqTuB/h76UvRzWCrJ6LFfeDyu9j+MVPjtftaB7p6am46GhV0GHPSCEnLEu0EaVbd3f7oSil0/KvigQKgjh5Iw==][YkmBNIKcehBRRwqIc1zEjWR6WJFd0PfDeNxR5VjILBcgXwT8S/louARVgi1HfqWcNwGv4/AK3VykOtRuVN6NDg==][dxsogMmyW4TRJqaCLCZ7zChcnnrXz/b5A66VTl2UIEdJEKpoIicU9ODrlN7RHgxf5KMXTMwGYD7283qmyElJRg==][J+8vXjF04YFMACVy/nsvT74Kc+PkNxH6p+VGe1O0a6Z5NwRJ8lhUkgv98KTjR3JyNknYBH+cpvtPb9VTcHiNvA==]}
{"logTime": "0525/214704", "correlationVector":"Gf3kpT9XDvwpXmMX8/QWBs.2","action":"EncryptionKeysManager::SetEncryptionKeysWithTimestamps:", "result":"Success", "context":Key timestamps[4]:[2024-06-19T16:55:37Z][2025-02-05T22:46:42Z][2025-08-20T03:09:17Z][2026-02-25T00:43:16Z]}
{"logTime": "0525/214704", "correlationVector":"OV7AQ/l+VTncwHq8Xxbmjc","action":"Initial GetUpdates", "result":"", "context":Reason: NEW_CLIENT. cV=OV7AQ/l+VTncwHq8Xxbmjc}
{"logTime": "0525/214704", "correlationVector":"OV7AQ/l+VTncwHq8Xxbmjc.3","action":"GetUpdates Response", "result":"Success", "context":Received 1 update(s). cV=OV7AQ/l+VTncwHq8Xxbmjc.0;server=akswtt10100000a;cloudType=Consumer;environment=Prod_brazilsouth_prod-s01-034-sam-brazilsouth;migrationStage=NotStarted}
{"logTime": "0525/214704", "correlationVector":"Jaze0Kl/gdm1oY3+IIvHcz","action":"Initial GetUpdates", "result":"", "context":Reason: NEWLY_SUPPORTED_DATATYPE. cV=Jaze0Kl/gdm1oY3+IIvHcz}
{"logTime": "0525/214705", "correlationVector":"Jaze0Kl/gdm1oY3+IIvHcz.1","action":"SyncServerConnectionManagerRequest", "result":"SYNC_SERVER_OK", "context":{"environment":"Prod_brazilsouth_prod-s01-034-sam-brazilsouth", "migrationStage":"NotStarted", "server":"akswtt101000000"}}
{"logTime": "0525/214705", "correlationVector":"Jaze0Kl/gdm1oY3+IIvHcz.2","action":"ProcessGetUpdates", "result":"Done", "context":{"dataType":"Passwords", "deleted":"0", "process_failed_to_decrypt":"0", "process_pending_decryption":"0", "process_success":"72", "total":"72"}}
{"logTime": "0525/214705", "correlationVector":"Jaze0Kl/gdm1oY3+IIvHcz.3","action":"GetUpdates Response", "result":"Success", "context":Received 72 update(s). cV=Jaze0Kl/gdm1oY3+IIvHcz.0;server=akswtt101000000;cloudType=Consumer;environment=Prod_brazilsouth_prod-s01-034-sam-brazilsouth;migrationStage=NotStarted}
{"logTime": "0525/214705", "correlationVector":"2Oz5NkWd6f07gJ6XSAIHhF","action":"Initial GetUpdates", "result":"", "context":Reason: NEWLY_SUPPORTED_DATATYPE. cV=2Oz5NkWd6f07gJ6XSAIHhF}
{"logTime": "0525/214705", "correlationVector":"2Oz5NkWd6f07gJ6XSAIHhF.1","action":"SyncServerConnectionManagerRequest", "result":"SYNC_SERVER_OK", "context":{"environment":"Prod_brazilsouth_prod-s01-034-sam-brazilsouth", "migrationStage":"NotStarted", "server":"akswtt101000001"}}
{"logTime": "0525/214705", "correlationVector":"2Oz5NkWd6f07gJ6XSAIHhF.2","action":"ProcessGetUpdates", "result":"Done", "context":{"dataType":"Bookmarks", "deleted":"0", "process_failed_to_decrypt":"0", "process_pending_decryption":"0", "process_success":"6", "total":"6"}}
{"logTime": "0525/214705", "correlationVector":"2Oz5NkWd6f07gJ6XSAIHhF.3","action":"GetUpdates Response", "result":"Success", "context":Received 6 update(s). cV=2Oz5NkWd6f07gJ6XSAIHhF.0;server=akswtt101000001;cloudType=Consumer;environment=Prod_brazilsouth_prod-s01-034-sam-brazilsouth;migrationStage=NotStarted}
{"logTime": "0525/214705", "correlationVector":"Ccn8Qw9WKG+5mWUxoMTqj2","action":"Initial GetUpdates", "result":"", "context":Reason: NEWLY_SUPPORTED_DATATYPE. cV=Ccn8Qw9WKG+5mWUxoMTqj2}
{"logTime": "0525/214706", "correlationVector":"Ccn8Qw9WKG+5mWUxoMTqj2.1","action":"SyncServerConnectionManagerRequest", "result":"SYNC_SERVER_OK", "context":{"environment":"Prod_brazilsouth_prod-s01-034-sam-brazilsouth", "migrationStage":"NotStarted", "server":"akswtt101000009"}}
{"logTime": "0525/214706", "correlationVector":"Ccn8Qw9WKG+5mWUxoMTqj2.2","action":"ProcessGetUpdates", "result":"Done", "context":{"dataType":"Autofill Profiles", "deleted":"1", "process_failed_to_decrypt":"0", "process_pending_decryption":"0", "process_success":"2", "total":"2"}}
{"logTime": "0525/214706", "correlationVector":"Ccn8Qw9WKG+5mWUxoMTqj2.3","action":"ProcessGetUpdates", "result":"Done", "context":{"dataType":"Autofill", "deleted":"0", "process_failed_to_decrypt":"0", "process_pending_decryption":"0", "process_success":"239", "total":"239"}}
{"logTime": "0525/214706", "correlationVector":"Ccn8Qw9WKG+5mWUxoMTqj2.4","action":"GetUpdates Response", "result":"Success", "context":Received 241 update(s). cV=Ccn8Qw9WKG+5mWUxoMTqj2.0;server=akswtt101000009;cloudType=Consumer;environment=Prod_brazilsouth_prod-s01-034-sam-brazilsouth;migrationStage=NotStarted}
{"logTime": "0525/214706", "correlationVector":"765unOm9MnNZJI5/fqb/Ha","action":"Initial GetUpdates", "result":"", "context":Reason: NEWLY_SUPPORTED_DATATYPE. cV=765unOm9MnNZJI5/fqb/Ha}
{"logTime": "0525/214706", "correlationVector":"765unOm9MnNZJI5/fqb/Ha.1","action":"SyncServerConnectionManagerRequest", "result":"SYNC_SERVER_OK", "context":{"environment":"Prod_brazilsouth_prod-s01-034-sam-brazilsouth", "migrationStage":"NotStarted", "server":"akswtt101000009"}}
{"logTime": "0525/214706", "correlationVector":"765unOm9MnNZJI5/fqb/Ha.2","action":"ProcessGetUpdates", "result":"Done", "context":{"dataType":"History", "deleted":"0", "process_failed_to_decrypt":"0", "process_pending_decryption":"0", "process_success":"66", "total":"66"}}
{"logTime": "0525/214706", "correlationVector":"765unOm9MnNZJI5/fqb/Ha.3","action":"GetUpdates Response", "result":"Success", "context":Received 66 update(s). cV=765unOm9MnNZJI5/fqb/Ha.0;server=akswtt101000009;cloudType=Consumer;environment=Prod_brazilsouth_prod-s01-034-sam-brazilsouth;migrationStage=NotStarted}
{"logTime": "0525/214706", "correlationVector":"BmdJ7vaRgdZ4PuwdpXulnk","action":"Normal GetUpdate request", "result":"", "context":cV=BmdJ7vaRgdZ4PuwdpXulnk
Refresh requested types: Bookmarks, Passwords, Autofill Profiles, Autofill, History, Edge Wallet, Encryption Keys}
{"logTime": "0525/214707", "correlationVector":"BmdJ7vaRgdZ4PuwdpXulnk.1","action":"SyncServerConnectionManagerRequest", "result":"SYNC_SERVER_OK", "context":{"environment":"Prod_brazilsouth_prod-s01-034-sam-brazilsouth", "migrationStage":"NotStarted", "server":"akswtt101000004"}}
{"logTime": "0525/214707", "correlationVector":"BmdJ7vaRgdZ4PuwdpXulnk.2","action":"GetUpdates Response", "result":"Success", "context":Received 0 update(s). cV=BmdJ7vaRgdZ4PuwdpXulnk.0;server=akswtt101000004;cloudType=Consumer;environment=Prod_brazilsouth_prod-s01-034-sam-brazilsouth;migrationStage=NotStarted}
{"logTime": "0525/214707", "correlationVector":"9kr3Ks+7ZleUHwe5mQOYkU","action":"DoCompareDataConsistency requsted types: ", "result":"Bookmarks, Passwords, History, Edge Wallet, Encryption Keys"}
{"logTime": "0525/214707", "correlationVector":"9kr3Ks+7ZleUHwe5mQOYkU.0","action":"CompareDataConsistency result: ", "result":"Compare result: Encryption Keys is consistent. local entities count is: 1 local entities hash is: zpiZKv4OxXdFHk3lTIE7/IIBUhQ="}
{"logTime": "0525/214707", "correlationVector":"9kr3Ks+7ZleUHwe5mQOYkU.1","action":"CompareDataConsistency result: ", "result":"Compare result: Bookmarks is consistent. local entities count is: 0 local entities hash is: "}
{"logTime": "0525/214707", "correlationVector":"9kr3Ks+7ZleUHwe5mQOYkU.2","action":"CompareDataConsistency result: ", "result":"Server did not send this History local entities count is: 0 local entities hash is: "}
{"logTime": "0525/214707", "correlationVector":"9kr3Ks+7ZleUHwe5mQOYkU.3","action":"CompareDataConsistency result: ", "result":"Compare result: Edge Wallet is consistent. local entities count is: 0 local entities hash is: "}
{"logTime": "0525/214707", "correlationVector":"9kr3Ks+7ZleUHwe5mQOYkU.4","action":"CompareDataConsistency result: ", "result":"Compare result: Passwords is consistent. local entities count is: 72 local entities hash is: XWFBYkOox4b2waHaM0YmlT4g+lY="}
{"logTime": "0525/214707", "correlationVector":"","action":"DIAGNOSTIC_REQUEST|v1/diagnosticData/Diagnostic.SendCheckResult()|SUCCESS", "result":""}
{"logTime": "0525/214811", "correlationVector":"Y4ANFEOLFT3NTwHw7jW8VK","action":"Commit Request", "result":"", "context":Item count: 6
Contributing types: History}
{"logTime": "0525/214812", "correlationVector":"Y4ANFEOLFT3NTwHw7jW8VK.1","action":"SyncServerConnectionManagerRequest", "result":"SYNC_SERVER_OK", "context":{"environment":"Prod_brazilsouth_prod-s01-034-sam-brazilsouth", "migrationStage":"NotStarted", "server":"akswtt101000009"}}
{"logTime": "0525/214812", "correlationVector":"Y4ANFEOLFT3NTwHw7jW8VK.2","action":"Commit Response", "result":"Success", "context":Result: Success. cV=Y4ANFEOLFT3NTwHw7jW8VK.0;server=akswtt101000009;cloudType=Consumer;environment=Prod_brazilsouth_prod-s01-034-sam-brazilsouth;migrationStage=NotStarted}
{"logTime": "0525/215509", "correlationVector":"0UisyJ4/3IWJNs9rEXj9jC.1","action":"SyncServerConnectionManagerRequest", "result":"SYNC_SERVER_OK", "context":{"environment":"Prod_brazilsouth_prod-s01-034-sam-brazilsouth", "migrationStage":"NotStarted", "server":"akswtt101000001"}}
{"logTime": "0525/215509", "correlationVector":"0UisyJ4/3IWJNs9rEXj9jC.2","action":"ProcessGetUpdates", "result":"Done", "context":{"dataType":"Encryption Keys", "deleted":"0", "process_failed_to_decrypt":"0", "process_pending_decryption":"0", "process_success":"1", "total":"1"}}
{"logTime": "0525/215510", "correlationVector":"ZBAjMCQ3H0geAfGKxBj75e","action":"SyncServerConnectionManagerRequest", "result":"SYNC_SERVER_OK", "context":{"environment":"", "migrationStage":"", "server":""}}
{"logTime": "0525/215510", "correlationVector":"ZBAjMCQ3H0geAfGKxBj75e.0","action":"EncryptionKeysFetcher.DownloadKeys:", "result":"Success", "context":Key count: 4, Last key timestamp: 2026-02-25T00:43:16Z}
{"logTime": "0525/215510", "correlationVector":"ZBAjMCQ3H0geAfGKxBj75e.1","action":"EncryptionKeysManager::SetEncryptionKeys:", "result":"Success", "context":Key names[4]:[YhqTuB/h76UvRzWCrJ6LFfeDyu9j+MVPjtftaB7p6am46GhV0GHPSCEnLEu0EaVbd3f7oSil0/KvigQKgjh5Iw==][YkmBNIKcehBRRwqIc1zEjWR6WJFd0PfDeNxR5VjILBcgXwT8S/louARVgi1HfqWcNwGv4/AK3VykOtRuVN6NDg==][dxsogMmyW4TRJqaCLCZ7zChcnnrXz/b5A66VTl2UIEdJEKpoIicU9ODrlN7RHgxf5KMXTMwGYD7283qmyElJRg==][J+8vXjF04YFMACVy/nsvT74Kc+PkNxH6p+VGe1O0a6Z5NwRJ8lhUkgv98KTjR3JyNknYBH+cpvtPb9VTcHiNvA==]}
{"logTime": "0525/215510", "correlationVector":"ZBAjMCQ3H0geAfGKxBj75e.2","action":"EncryptionKeysManager::SetEncryptionKeysWithTimestamps:", "result":"Success", "context":Key timestamps[4]:[2024-06-19T16:55:37Z][2025-02-05T22:46:42Z][2025-08-20T03:09:17Z][2026-02-25T00:43:16Z]}
{"logTime": "0525/215510", "correlationVector":"0UisyJ4/3IWJNs9rEXj9jC","action":"Initial GetUpdates", "result":"", "context":Reason: NEW_CLIENT. cV=0UisyJ4/3IWJNs9rEXj9jC}
{"logTime": "0525/215510", "correlationVector":"0UisyJ4/3IWJNs9rEXj9jC.3","action":"GetUpdates Response", "result":"Success", "context":Received 1 update(s). cV=0UisyJ4/3IWJNs9rEXj9jC.0;server=akswtt101000001;cloudType=Consumer;environment=Prod_brazilsouth_prod-s01-034-sam-brazilsouth;migrationStage=NotStarted}
{"logTime": "0525/215510", "correlationVector":"lsN6GiYsljS1b3WiMpEZHE","action":"Initial GetUpdates", "result":"", "context":Reason: NEWLY_SUPPORTED_DATATYPE. cV=lsN6GiYsljS1b3WiMpEZHE}
{"logTime": "0525/215510", "correlationVector":"lsN6GiYsljS1b3WiMpEZHE.1","action":"SyncServerConnectionManagerRequest", "result":"SYNC_SERVER_OK", "context":{"environment":"Prod_brazilsouth_prod-s01-034-sam-brazilsouth", "migrationStage":"NotStarted", "server":"akswtt101000006"}}
{"logTime": "0525/215510", "correlationVector":"lsN6GiYsljS1b3WiMpEZHE.2","action":"ProcessGetUpdates", "result":"Done", "context":{"dataType":"Passwords", "deleted":"0", "process_failed_to_decrypt":"0", "process_pending_decryption":"0", "process_success":"72", "total":"72"}}
{"logTime": "0525/215510", "correlationVector":"lsN6GiYsljS1b3WiMpEZHE.3","action":"GetUpdates Response", "result":"Success", "context":Received 72 update(s). cV=lsN6GiYsljS1b3WiMpEZHE.0;server=akswtt101000006;cloudType=Consumer;environment=Prod_brazilsouth_prod-s01-034-sam-brazilsouth;migrationStage=NotStarted}
{"logTime": "0525/215510", "correlationVector":"ZCCzIEbMOqToo7mB4ueWLU","action":"Normal GetUpdate request", "result":"", "context":cV=ZCCzIEbMOqToo7mB4ueWLU
Nudged types: History
Refresh requested types: Bookmarks, Passwords, Autofill Profiles, Autofill, History, Edge Wallet, Encryption Keys}
{"logTime": "0525/215511", "correlationVector":"ZCCzIEbMOqToo7mB4ueWLU.1","action":"SyncServerConnectionManagerRequest", "result":"SYNC_SERVER_OK", "context":{"environment":"Prod_brazilsouth_prod-s01-034-sam-brazilsouth", "migrationStage":"NotStarted", "server":"akswtt101000003"}}
{"logTime": "0525/215511", "correlationVector":"ZCCzIEbMOqToo7mB4ueWLU.2","action":"ProcessGetUpdates", "result":"Done", "context":{"dataType":"History", "deleted":"0", "process_failed_to_decrypt":"0", "process_pending_decryption":"0", "process_success":"6", "total":"6"}}
{"logTime": "0525/215511", "correlationVector":"ZCCzIEbMOqToo7mB4ueWLU.3","action":"GetUpdates Response", "result":"Success", "context":Received 6 update(s). cV=ZCCzIEbMOqToo7mB4ueWLU.0;server=akswtt101000003;cloudType=Consumer;environment=Prod_brazilsouth_prod-s01-034-sam-brazilsouth;migrationStage=NotStarted}
{"logTime": "0525/215511", "correlationVector":"OQI6YPwfukT9l5E+Icj91W","action":"Commit Request", "result":"", "context":Item count: 1
Contributing types: History}
{"logTime": "0525/215511", "correlationVector":"OQI6YPwfukT9l5E+Icj91W.1","action":"SyncServerConnectionManagerRequest", "result":"SYNC_SERVER_OK", "context":{"environment":"Prod_brazilsouth_prod-s01-034-sam-brazilsouth", "migrationStage":"NotStarted", "server":"akswtt101000003"}}
{"logTime": "0525/215511", "correlationVector":"OQI6YPwfukT9l5E+Icj91W.2","action":"Commit Response", "result":"Success", "context":Result: Success. cV=OQI6YPwfukT9l5E+Icj91W.0;server=akswtt101000003;cloudType=Consumer;environment=Prod_brazilsouth_prod-s01-034-sam-brazilsouth;migrationStage=NotStarted}
{"logTime": "0525/215611", "correlationVector":"zwp/j8FSoq/nR4Mio2G3pD","action":"Commit Request", "result":"", "context":Item count: 2
Contributing types: History}
{"logTime": "0525/215613", "correlationVector":"zwp/j8FSoq/nR4Mio2G3pD.1","action":"SyncServerConnectionManagerRequest", "result":"SYNC_SERVER_OK", "context":{"environment":"Prod_brazilsouth_prod-s01-034-sam-brazilsouth", "migrationStage":"NotStarted", "server":"akswtt101000001"}}
{"logTime": "0525/215613", "correlationVector":"zwp/j8FSoq/nR4Mio2G3pD.2","action":"Commit Response", "result":"Success", "context":Result: Success. cV=zwp/j8FSoq/nR4Mio2G3pD.0;server=akswtt101000001;cloudType=Consumer;environment=Prod_brazilsouth_prod-s01-034-sam-brazilsouth;migrationStage=NotStarted}
