2026-05-25 21:46:59.643: [INFO][Sync] Reset engine, reason: 8
2026-05-25 21:46:59.643: [INFO][Sync] Stopped: Bookmarks
2026-05-25 21:46:59.643: [INFO][Sync] Stopped: Preferences
2026-05-25 21:46:59.643: [INFO][Sync] Stopped: Passwords
2026-05-25 21:46:59.643: [INFO][Sync] Stopped: Autofill Profiles
2026-05-25 21:46:59.643: [INFO][Sync] Stopped: Autofill
2026-05-25 21:46:59.643: [INFO][Sync] Stopped: Extensions
2026-05-25 21:46:59.643: [INFO][Sync] Stopped: Sessions
2026-05-25 21:46:59.643: [INFO][Sync] Stopped: Extension settings
2026-05-25 21:46:59.643: [INFO][Sync] Stopped: History Delete Directives
2026-05-25 21:46:59.643: [INFO][Sync] Stopped: Device Info
2026-05-25 21:46:59.643: [INFO][Sync] Stopped: User Consents
2026-05-25 21:46:59.643: [INFO][Sync] Stopped: Send Tab To Self
2026-05-25 21:46:59.643: [INFO][Sync] Stopped: Web Apps
2026-05-25 21:46:59.643: [INFO][Sync] Stopped: History
2026-05-25 21:46:59.643: [INFO][Sync] Stopped: Saved Tab Group
2026-05-25 21:46:59.643: [INFO][Sync] Stopped: WebAuthn Credentials
2026-05-25 21:46:59.643: [INFO][Sync] Stopped: Collection
2026-05-25 21:46:59.643: [INFO][Sync] Stopped: Edge E Drop
2026-05-25 21:46:59.643: [INFO][Sync] Stopped: Edge Hub App Usage
2026-05-25 21:46:59.643: [INFO][Sync] Stopped: Edge Wallet
2026-05-25 21:46:59.643: [INFO][Sync] Stopped: Edge Workspace
2026-05-25 21:46:59.643: [INFO][Sync] SyncState after authenticated was: NotSignedIn
2026-05-25 21:46:59.798: [INFO][Sync] Reset engine, reason: 8
2026-05-25 21:46:59.798: [INFO][Sync] Stopped: Bookmarks
2026-05-25 21:46:59.798: [INFO][Sync] Stopped: Preferences
2026-05-25 21:46:59.798: [INFO][Sync] Stopped: Passwords
2026-05-25 21:46:59.798: [INFO][Sync] Stopped: Autofill Profiles
2026-05-25 21:46:59.798: [INFO][Sync] Stopped: Autofill
2026-05-25 21:46:59.798: [INFO][Sync] Stopped: Extensions
2026-05-25 21:46:59.798: [INFO][Sync] Stopped: Sessions
2026-05-25 21:46:59.798: [INFO][Sync] Stopped: Extension settings
2026-05-25 21:46:59.798: [INFO][Sync] Stopped: History Delete Directives
2026-05-25 21:46:59.798: [INFO][Sync] Stopped: Device Info
2026-05-25 21:46:59.798: [INFO][Sync] Stopped: User Consents
2026-05-25 21:46:59.798: [INFO][Sync] Stopped: Send Tab To Self
2026-05-25 21:46:59.798: [INFO][Sync] Stopped: Web Apps
2026-05-25 21:46:59.798: [INFO][Sync] Stopped: History
2026-05-25 21:46:59.798: [INFO][Sync] Stopped: Saved Tab Group
2026-05-25 21:46:59.798: [INFO][Sync] Stopped: WebAuthn Credentials
2026-05-25 21:46:59.798: [INFO][Sync] Stopped: Collection
2026-05-25 21:46:59.798: [INFO][Sync] Stopped: Edge E Drop
2026-05-25 21:46:59.798: [INFO][Sync] Stopped: Edge Hub App Usage
2026-05-25 21:46:59.798: [INFO][Sync] Stopped: Edge Wallet
2026-05-25 21:46:59.798: [INFO][Sync] Stopped: Edge Workspace
2026-05-25 21:47:02.732: [INFO][Sync] Try to start sync engine
2026-05-25 21:47:02.733: [INFO][SyncManagerImpl::NudgeForInitialDownload] Initial download nudge for Encryption Keys
2026-05-25 21:47:02.733: [INFO][SyncEngineBackend::LoadAndConnectNigoriController] Load and connect Nigori controller
2026-05-25 21:47:02.733: [INFO][SyncEngineBackend::DoInitialize] Control Types added: Encryption Keys
2026-05-25 21:47:02.733: [INFO][SyncManagerImpl::ConfigureSyncer] Types to download: Encryption Keys with reason: 3
2026-05-25 21:47:02.733: [INFO][SyncSchedulerImpl::DoConfigurationSyncCycleJob] Configure job was blocked
2026-05-25 21:47:02.748: [INFO][SyncAuthManager::SetLastAuthError] Current auth error: None
2026-05-25 21:47:02.748: [INFO][SyncAuthManager::EdgeLogTokenErrorState] Token error with: None for account type: MSA
2026-05-25 21:47:02.748: [INFO][Sync] Credentials changed for: EdgeSyncScopeNew
2026-05-25 21:47:03.315: [INFO][SyncAuthManager::SetLastAuthError] Current auth error: None
2026-05-25 21:47:03.315: [INFO][SyncAuthManager::EdgeLogTokenErrorState] Token error with: None for account type: MSA
2026-05-25 21:47:03.315: [INFO][Sync] Credentials changed for: EdgeSyncKeyDataScope
2026-05-25 21:47:03.315: [INFO][SyncEngineBackend::DoUpdateKeyDataCredentials] Update key data credentials
2026-05-25 21:47:03.315: [INFO][SyncEngineBackend::DoUpdateCredentials] Update credentials
2026-05-25 21:47:03.315: [INFO][SyncSchedulerImpl::DoConfigurationSyncCycleJob] Blocked types:  and types to download: Encryption Keys
2026-05-25 21:47:03.921: [INFO][Sync] Started DataTypeManager configuration, reason: 4
2026-05-25 21:47:03.922: [INFO][Sync] Configuring for: Bookmarks, Preferences, Passwords, Autofill Profiles, Autofill, Extensions, Sessions, Extension settings, History Delete Directives, Device Info, User Consents, Send Tab To Self, Web Apps, History, Saved Tab Group, WebAuthn Credentials, Collection, Edge E Drop, Edge Hub App Usage, Edge Wallet, Edge Workspace, Encryption Keys, reason: 3, current state: 0
2026-05-25 21:47:03.922: [WARN][Sync] Crypto error data types: Passwords, Autofill Profiles, Autofill
2026-05-25 21:47:03.924: [INFO][Sync] Configure, desired: Bookmarks, Preferences, Extensions, Sessions, Extension settings, History Delete Directives, Device Info, User Consents, Send Tab To Self, Web Apps, History, Saved Tab Group, WebAuthn Credentials, Collection, Edge E Drop, Edge Hub App Usage, Edge Wallet, Edge Workspace, Encryption Keys; Allow fail: Passwords, Autofill Profiles, Autofill
2026-05-25 21:47:03.924: [INFO][Sync] Loading: Bookmarks
2026-05-25 21:47:03.924: [ERROR][Sync] Load Preferences, failed: ConstructDataTypeStoreOnFrontendSequence@components\sync\model\data_type_store_service_impl.cc:95 - Model error type: 86
2026-05-25 21:47:03.924: [ERROR][Sync] Stoping type: Preferences, error: ConstructDataTypeStoreOnFrontendSequence@components\sync\model\data_type_store_service_impl.cc:95 - Model error type: 86
2026-05-25 21:47:03.924: [INFO][Sync] Loading: Preferences
2026-05-25 21:47:03.924: [ERROR][Sync] Load Extensions, failed: ConstructDataTypeStoreOnFrontendSequence@components\sync\model\data_type_store_service_impl.cc:95 - Model error type: 86
2026-05-25 21:47:03.924: [ERROR][Sync] Stoping type: Extensions, error: ConstructDataTypeStoreOnFrontendSequence@components\sync\model\data_type_store_service_impl.cc:95 - Model error type: 86
2026-05-25 21:47:03.924: [INFO][Sync] Loading: Extensions
2026-05-25 21:47:03.924: [INFO][Sync] Loading: Sessions
2026-05-25 21:47:03.924: [INFO][Sync] Loading: Extension settings
2026-05-25 21:47:03.924: [ERROR][Sync] Load History Delete Directives, failed: ConstructDataTypeStoreOnFrontendSequence@components\sync\model\data_type_store_service_impl.cc:95 - Model error type: 86
2026-05-25 21:47:03.924: [ERROR][Sync] Stoping type: History Delete Directives, error: ConstructDataTypeStoreOnFrontendSequence@components\sync\model\data_type_store_service_impl.cc:95 - Model error type: 86
2026-05-25 21:47:03.924: [INFO][Sync] Loading: History Delete Directives
2026-05-25 21:47:03.924: [ERROR][Sync] Load Device Info, failed: OnStoreCreated@components\sync_device_info\device_info_sync_bridge.cc:904 - Model error type: 94
2026-05-25 21:47:03.924: [ERROR][Sync] Stoping type: Device Info, error: OnStoreCreated@components\sync_device_info\device_info_sync_bridge.cc:904 - Model error type: 94
2026-05-25 21:47:03.924: [INFO][Sync] Loading: Device Info
2026-05-25 21:47:03.924: [ERROR][Sync] Load User Consents, failed: ConstructDataTypeStoreOnFrontendSequence@components\sync\model\data_type_store_service_impl.cc:95 - Model error type: 86
2026-05-25 21:47:03.924: [ERROR][Sync] Stoping type: User Consents, error: ConstructDataTypeStoreOnFrontendSequence@components\sync\model\data_type_store_service_impl.cc:95 - Model error type: 86
2026-05-25 21:47:03.924: [INFO][Sync] Loading: User Consents
2026-05-25 21:47:03.924: [ERROR][Sync] Load Send Tab To Self, failed: ConstructDataTypeStoreOnFrontendSequence@components\sync\model\data_type_store_service_impl.cc:95 - Model error type: 86
2026-05-25 21:47:03.924: [ERROR][Sync] Stoping type: Send Tab To Self, error: ConstructDataTypeStoreOnFrontendSequence@components\sync\model\data_type_store_service_impl.cc:95 - Model error type: 86
2026-05-25 21:47:03.924: [INFO][Sync] Loading: Send Tab To Self
2026-05-25 21:47:03.924: [ERROR][Sync] Load Web Apps, failed: ConstructDataTypeStoreOnFrontendSequence@components\sync\model\data_type_store_service_impl.cc:95 - Model error type: 86
2026-05-25 21:47:03.924: [ERROR][Sync] Stoping type: Web Apps, error: ConstructDataTypeStoreOnFrontendSequence@components\sync\model\data_type_store_service_impl.cc:95 - Model error type: 86
2026-05-25 21:47:03.924: [INFO][Sync] Loading: Web Apps
2026-05-25 21:47:03.924: [INFO][Sync] Loading: History
2026-05-25 21:47:03.924: [ERROR][Sync] Load Saved Tab Group, failed: ConstructDataTypeStoreOnFrontendSequence@components\sync\model\data_type_store_service_impl.cc:95 - Model error type: 86
2026-05-25 21:47:03.924: [ERROR][Sync] Stoping type: Saved Tab Group, error: ConstructDataTypeStoreOnFrontendSequence@components\sync\model\data_type_store_service_impl.cc:95 - Model error type: 86
2026-05-25 21:47:03.924: [INFO][Sync] Loading: Saved Tab Group
2026-05-25 21:47:03.924: [ERROR][Sync] Load WebAuthn Credentials, failed: ConstructDataTypeStoreOnFrontendSequence@components\sync\model\data_type_store_service_impl.cc:95 - Model error type: 86
2026-05-25 21:47:03.924: [ERROR][Sync] Stoping type: WebAuthn Credentials, error: ConstructDataTypeStoreOnFrontendSequence@components\sync\model\data_type_store_service_impl.cc:95 - Model error type: 86
2026-05-25 21:47:03.924: [INFO][Sync] Loading: WebAuthn Credentials
2026-05-25 21:47:03.924: [ERROR][Sync] Load Collection, failed: ConstructDataTypeStoreOnFrontendSequence@components\sync\model\data_type_store_service_impl.cc:95 - Model error type: 86
2026-05-25 21:47:03.924: [ERROR][Sync] Stoping type: Collection, error: ConstructDataTypeStoreOnFrontendSequence@components\sync\model\data_type_store_service_impl.cc:95 - Model error type: 86
2026-05-25 21:47:03.924: [INFO][Sync] Loading: Collection
2026-05-25 21:47:03.924: [INFO][Sync] Loading: Edge E Drop
2026-05-25 21:47:03.924: [INFO][Sync] Loading: Edge Hub App Usage
2026-05-25 21:47:03.924: [INFO][Sync] Loading: Edge Wallet
2026-05-25 21:47:03.924: [ERROR][Sync] Load Edge Workspace, failed: ConstructDataTypeStoreOnFrontendSequence@components\sync\model\data_type_store_service_impl.cc:95 - Model error type: 86
2026-05-25 21:47:03.924: [ERROR][Sync] Stoping type: Edge Workspace, error: ConstructDataTypeStoreOnFrontendSequence@components\sync\model\data_type_store_service_impl.cc:95 - Model error type: 86
2026-05-25 21:47:03.924: [INFO][Sync] Loading: Edge Workspace
2026-05-25 21:47:03.926: [ERROR][Sync] Load Sessions, failed: ConstructDataTypeStoreOnFrontendSequence@components\sync\model\data_type_store_service_impl.cc:95 - Model error type: 86
2026-05-25 21:47:03.926: [ERROR][Sync] Stoping type: Sessions, error: ConstructDataTypeStoreOnFrontendSequence@components\sync\model\data_type_store_service_impl.cc:95 - Model error type: 86
2026-05-25 21:47:03.926: [ERROR][Sync] Load Extension settings, failed: ConstructDataTypeStoreOnFrontendSequence@components\sync\model\data_type_store_service_impl.cc:95 - Model error type: 86
2026-05-25 21:47:03.926: [ERROR][Sync] Stoping type: Extension settings, error: ConstructDataTypeStoreOnFrontendSequence@components\sync\model\data_type_store_service_impl.cc:95 - Model error type: 86
2026-05-25 21:47:03.926: [ERROR][Sync] Load Edge E Drop, failed: EDropSyncBridge@components\edge_e_drop\core\browser\sync\e_drop_sync_bridge.cc:71: DataTypeStore for Drop initialization failed
2026-05-25 21:47:03.926: [ERROR][Sync] Stoping type: Edge E Drop, error: EDropSyncBridge@components\edge_e_drop\core\browser\sync\e_drop_sync_bridge.cc:71: DataTypeStore for Drop initialization failed
2026-05-25 21:47:03.926: [ERROR][Sync] Load Edge Hub App Usage, failed: EdgeHubAppUsageSyncBridge@components\edge_hub_apps\sync\edge_hub_app_usage_sync_bridge.cc:55: ModelTypeStore for Hub App Usage initialization failed
2026-05-25 21:47:03.926: [ERROR][Sync] Stoping type: Edge Hub App Usage, error: EdgeHubAppUsageSyncBridge@components\edge_hub_apps\sync\edge_hub_app_usage_sync_bridge.cc:55: ModelTypeStore for Hub App Usage initialization failed
2026-05-25 21:47:03.926: [INFO][Sync] Configuring for: Bookmarks, Preferences, Passwords, Autofill Profiles, Autofill, Extensions, Sessions, Extension settings, History Delete Directives, Device Info, User Consents, Send Tab To Self, Web Apps, History, Saved Tab Group, WebAuthn Credentials, Collection, Edge E Drop, Edge Hub App Usage, Edge Wallet, Edge Workspace, Encryption Keys, reason: 3, current state: 2
2026-05-25 21:47:03.926: [WARN][Sync] Crypto error data types: 
2026-05-25 21:47:03.926: [INFO][Sync] Configure, desired: Bookmarks, History, Edge Wallet, Encryption Keys; Allow fail: Preferences, Passwords, Autofill Profiles, Autofill, Extensions, Sessions, Extension settings, History Delete Directives, Device Info, User Consents, Send Tab To Self, Web Apps, Saved Tab Group, WebAuthn Credentials, Collection, Edge E Drop, Edge Hub App Usage, Edge Workspace
2026-05-25 21:47:03.926: [INFO][Sync] All data types are ready for configure.
2026-05-25 21:47:04.524: [INFO][Sync] Started DataTypeManager configuration, reason: 5
2026-05-25 21:47:04.524: [INFO][Sync] Configuring for: Bookmarks, Preferences, Passwords, Autofill Profiles, Autofill, Extensions, Sessions, Extension settings, History Delete Directives, Device Info, User Consents, Send Tab To Self, Web Apps, History, Saved Tab Group, WebAuthn Credentials, Collection, Edge E Drop, Edge Hub App Usage, Edge Wallet, Edge Workspace, Encryption Keys, reason: 5, current state: 1
2026-05-25 21:47:04.526: [INFO][SyncEngineBackend::DoStartConfiguration] Start configuration
2026-05-25 21:47:04.526: [INFO][SyncManagerImpl::NudgeForInitialDownload] Initial download nudge for Bookmarks
2026-05-25 21:47:04.526: [INFO][SyncManagerImpl::NudgeForInitialDownload] Initial download nudge for History
2026-05-25 21:47:04.527: [INFO][SyncManagerImpl::NudgeForInitialDownload] Initial download nudge for Edge Wallet
2026-05-25 21:47:04.527: [INFO][SyncManagerImpl::ConfigureSyncer] Types to download:  with reason: 3
2026-05-25 21:47:04.527: [INFO][SyncEngineBackend::DoFinishConfigureDataTypes] Failed to download types:  and succeeded types: 
2026-05-25 21:47:04.527: [INFO][Sync] ConfigurationDone, failed: , succeeded: , remaining count: 3
2026-05-25 21:47:04.527: [WARN][Sync]     Reconfigure requested while configuration ongoing.
2026-05-25 21:47:04.527: [INFO][Sync] Configuring for: Bookmarks, Preferences, Passwords, Autofill Profiles, Autofill, Extensions, Sessions, Extension settings, History Delete Directives, Device Info, User Consents, Send Tab To Self, Web Apps, History, Saved Tab Group, WebAuthn Credentials, Collection, Edge E Drop, Edge Hub App Usage, Edge Wallet, Edge Workspace, Encryption Keys, reason: 5, current state: 2
2026-05-25 21:47:04.527: [INFO][Sync] Configure, desired: Bookmarks, Passwords, Autofill Profiles, Autofill, History, Edge Wallet, Encryption Keys; Allow fail: Preferences, Extensions, Sessions, Extension settings, History Delete Directives, Device Info, User Consents, Send Tab To Self, Web Apps, Saved Tab Group, WebAuthn Credentials, Collection, Edge E Drop, Edge Hub App Usage, Edge Workspace
2026-05-25 21:47:04.527: [INFO][Sync] Loading: Passwords
2026-05-25 21:47:04.527: [INFO][Sync] Loading: Autofill Profiles
2026-05-25 21:47:04.527: [INFO][Sync] Loading: Autofill
2026-05-25 21:47:04.527: [INFO][Sync] All data types are ready for configure.
2026-05-25 21:47:04.527: [INFO][SyncManagerImpl::NudgeForInitialDownload] Initial download nudge for Passwords
2026-05-25 21:47:04.527: [INFO][SyncManagerImpl::NudgeForInitialDownload] Initial download nudge for Autofill Profiles
2026-05-25 21:47:04.527: [INFO][SyncManagerImpl::NudgeForInitialDownload] Initial download nudge for Autofill
2026-05-25 21:47:04.527: [INFO][SyncManagerImpl::ConfigureSyncer] Types to download:  with reason: 5
2026-05-25 21:47:04.527: [INFO][SyncEngineBackend::DoFinishConfigureDataTypes] Failed to download types:  and succeeded types: 
2026-05-25 21:47:04.527: [INFO][Sync] ConfigurationDone, failed: , succeeded: , remaining count: 4
2026-05-25 21:47:04.527: [INFO][Sync] Prepare to configure types: Passwords, Encryption Keys
2026-05-25 21:47:04.527: [INFO][SyncManagerImpl::ConfigureSyncer] Types to download: Passwords, Encryption Keys with reason: 5
2026-05-25 21:47:04.527: [INFO][SyncSchedulerImpl::DoConfigurationSyncCycleJob] Blocked types:  and types to download: Passwords, Encryption Keys
2026-05-25 21:47:05.161: [INFO][SyncEngineBackend::DoFinishConfigureDataTypes] Failed to download types:  and succeeded types: Passwords, Encryption Keys
2026-05-25 21:47:05.163: [INFO][Sync] ConfigurationDone, failed: , succeeded: Passwords, Encryption Keys, remaining count: 3
2026-05-25 21:47:05.163: [INFO][Sync] Prepare to configure types: Bookmarks, Encryption Keys
2026-05-25 21:47:05.163: [INFO][SyncManagerImpl::ConfigureSyncer] Types to download: Bookmarks, Encryption Keys with reason: 5
2026-05-25 21:47:05.163: [INFO][SyncSchedulerImpl::DoConfigurationSyncCycleJob] Blocked types:  and types to download: Bookmarks, Encryption Keys
2026-05-25 21:47:05.435: [INFO][SyncEngineBackend::DoFinishConfigureDataTypes] Failed to download types:  and succeeded types: Bookmarks, Encryption Keys
2026-05-25 21:47:05.437: [INFO][Sync] ConfigurationDone, failed: , succeeded: Bookmarks, Encryption Keys, remaining count: 2
2026-05-25 21:47:05.437: [INFO][Sync] Prepare to configure types: Autofill Profiles, Autofill, Edge Wallet, Encryption Keys
2026-05-25 21:47:05.437: [INFO][SyncManagerImpl::ConfigureSyncer] Types to download: Autofill Profiles, Autofill, Edge Wallet, Encryption Keys with reason: 5
2026-05-25 21:47:05.437: [INFO][SyncSchedulerImpl::DoConfigurationSyncCycleJob] Blocked types:  and types to download: Autofill Profiles, Autofill, Edge Wallet, Encryption Keys
2026-05-25 21:47:06.289: [INFO][SyncEngineBackend::DoFinishConfigureDataTypes] Failed to download types:  and succeeded types: Autofill Profiles, Autofill, Edge Wallet, Encryption Keys
2026-05-25 21:47:06.290: [INFO][Sync] ConfigurationDone, failed: , succeeded: Autofill Profiles, Autofill, Edge Wallet, Encryption Keys, remaining count: 1
2026-05-25 21:47:06.292: [INFO][Sync] Prepare to configure types: History, Encryption Keys
2026-05-25 21:47:06.292: [INFO][SyncManagerImpl::ConfigureSyncer] Types to download: History, Encryption Keys with reason: 5
2026-05-25 21:47:06.292: [INFO][SyncSchedulerImpl::DoConfigurationSyncCycleJob] Blocked types:  and types to download: History, Encryption Keys
2026-05-25 21:47:06.701: [INFO][SyncEngineBackend::DoFinishConfigureDataTypes] Failed to download types:  and succeeded types: History, Encryption Keys
2026-05-25 21:47:06.703: [INFO][Sync] ConfigurationDone, failed: , succeeded: History, Encryption Keys, remaining count: 0
2026-05-25 21:47:06.705: [INFO][Sync]     Configuration completed, state: 7
2026-05-25 21:47:06.705: [INFO][Sync] Configured DataTypeManager: Ok
2026-05-25 21:47:06.706: [INFO][SyncEngineBackend::DoStartSyncing] Start syncing
2026-05-25 21:52:10.805: [INFO][Sync] Reset engine, reason: 0
2026-05-25 21:52:10.805: [INFO][Sync] Reset engine with reason: 0
2026-05-25 21:55:02.086: [INFO][Sync] SyncState after authenticated was: FeatureCanStart
2026-05-25 21:55:04.320: [INFO][SyncAuthManager::SetLastAuthError] Current auth error: None
2026-05-25 21:55:04.320: [INFO][SyncAuthManager::EdgeLogTokenErrorState] Token error with: None for account type: MSA
2026-05-25 21:55:04.320: [INFO][Sync] Credentials changed for: EdgeSyncKeyDataScope
2026-05-25 21:55:08.431: [INFO][Sync] Try to start sync engine
2026-05-25 21:55:08.433: [INFO][SyncManagerImpl::NudgeForInitialDownload] Initial download nudge for Encryption Keys
2026-05-25 21:55:08.433: [INFO][SyncEngineBackend::LoadAndConnectNigoriController] Load and connect Nigori controller
2026-05-25 21:55:08.433: [INFO][SyncEngineBackend::DoInitialize] Control Types added: Encryption Keys
2026-05-25 21:55:08.433: [INFO][SyncManagerImpl::ConfigureSyncer] Types to download: Encryption Keys with reason: 3
2026-05-25 21:55:08.433: [INFO][SyncEngineBackend::DoUpdateKeyDataCredentials] Update key data credentials
2026-05-25 21:55:08.433: [INFO][SyncSchedulerImpl::DoConfigurationSyncCycleJob] Configure job was blocked
2026-05-25 21:55:08.441: [INFO][SyncAuthManager::SetLastAuthError] Current auth error: None
2026-05-25 21:55:08.441: [INFO][SyncAuthManager::EdgeLogTokenErrorState] Token error with: None for account type: MSA
2026-05-25 21:55:08.441: [INFO][Sync] Credentials changed for: EdgeSyncScopeNew
2026-05-25 21:55:08.441: [INFO][SyncEngineBackend::DoUpdateCredentials] Update credentials
2026-05-25 21:55:08.441: [INFO][SyncSchedulerImpl::DoConfigurationSyncCycleJob] Blocked types:  and types to download: Encryption Keys
2026-05-25 21:55:09.158: [INFO][SyncEngineBackend::DoUpdateKeyDataCredentials] Update key data credentials
2026-05-25 21:55:09.170: [INFO][Sync] Started DataTypeManager configuration, reason: 4
2026-05-25 21:55:09.170: [INFO][Sync] Configuring for: Bookmarks, Preferences, Passwords, Autofill Profiles, Autofill, Extensions, Sessions, Extension settings, History Delete Directives, Device Info, User Consents, Send Tab To Self, Web Apps, History, Saved Tab Group, WebAuthn Credentials, Collection, Edge E Drop, Edge Hub App Usage, Edge Wallet, Edge Workspace, Encryption Keys, reason: 4, current state: 0
2026-05-25 21:55:09.170: [WARN][Sync] Crypto error data types: Passwords, Autofill Profiles, Autofill
2026-05-25 21:55:09.172: [INFO][Sync] Configure, desired: Bookmarks, Preferences, Extensions, Sessions, Extension settings, History Delete Directives, Device Info, User Consents, Send Tab To Self, Web Apps, History, Saved Tab Group, WebAuthn Credentials, Collection, Edge E Drop, Edge Hub App Usage, Edge Wallet, Edge Workspace, Encryption Keys; Allow fail: Passwords, Autofill Profiles, Autofill
2026-05-25 21:55:09.172: [INFO][Sync] Loading: Bookmarks
2026-05-25 21:55:09.172: [ERROR][Sync] Load Preferences, failed: ConstructDataTypeStoreOnFrontendSequence@components\sync\model\data_type_store_service_impl.cc:95 - Model error type: 86
2026-05-25 21:55:09.172: [ERROR][Sync] Stoping type: Preferences, error: ConstructDataTypeStoreOnFrontendSequence@components\sync\model\data_type_store_service_impl.cc:95 - Model error type: 86
2026-05-25 21:55:09.172: [INFO][Sync] Loading: Preferences
2026-05-25 21:55:09.172: [ERROR][Sync] Load Extensions, failed: ConstructDataTypeStoreOnFrontendSequence@components\sync\model\data_type_store_service_impl.cc:95 - Model error type: 86
2026-05-25 21:55:09.172: [ERROR][Sync] Stoping type: Extensions, error: ConstructDataTypeStoreOnFrontendSequence@components\sync\model\data_type_store_service_impl.cc:95 - Model error type: 86
2026-05-25 21:55:09.172: [INFO][Sync] Loading: Extensions
2026-05-25 21:55:09.173: [INFO][Sync] Loading: Sessions
2026-05-25 21:55:09.173: [INFO][Sync] Loading: Extension settings
2026-05-25 21:55:09.173: [ERROR][Sync] Load History Delete Directives, failed: ConstructDataTypeStoreOnFrontendSequence@components\sync\model\data_type_store_service_impl.cc:95 - Model error type: 86
2026-05-25 21:55:09.173: [ERROR][Sync] Stoping type: History Delete Directives, error: ConstructDataTypeStoreOnFrontendSequence@components\sync\model\data_type_store_service_impl.cc:95 - Model error type: 86
2026-05-25 21:55:09.173: [INFO][Sync] Loading: History Delete Directives
2026-05-25 21:55:09.173: [ERROR][Sync] Load Device Info, failed: OnStoreCreated@components\sync_device_info\device_info_sync_bridge.cc:904 - Model error type: 94
2026-05-25 21:55:09.173: [ERROR][Sync] Stoping type: Device Info, error: OnStoreCreated@components\sync_device_info\device_info_sync_bridge.cc:904 - Model error type: 94
2026-05-25 21:55:09.173: [INFO][Sync] Loading: Device Info
2026-05-25 21:55:09.173: [ERROR][Sync] Load User Consents, failed: ConstructDataTypeStoreOnFrontendSequence@components\sync\model\data_type_store_service_impl.cc:95 - Model error type: 86
2026-05-25 21:55:09.173: [ERROR][Sync] Stoping type: User Consents, error: ConstructDataTypeStoreOnFrontendSequence@components\sync\model\data_type_store_service_impl.cc:95 - Model error type: 86
2026-05-25 21:55:09.173: [INFO][Sync] Loading: User Consents
2026-05-25 21:55:09.173: [ERROR][Sync] Load Send Tab To Self, failed: ConstructDataTypeStoreOnFrontendSequence@components\sync\model\data_type_store_service_impl.cc:95 - Model error type: 86
2026-05-25 21:55:09.173: [ERROR][Sync] Stoping type: Send Tab To Self, error: ConstructDataTypeStoreOnFrontendSequence@components\sync\model\data_type_store_service_impl.cc:95 - Model error type: 86
2026-05-25 21:55:09.173: [INFO][Sync] Loading: Send Tab To Self
2026-05-25 21:55:09.173: [ERROR][Sync] Load Web Apps, failed: ConstructDataTypeStoreOnFrontendSequence@components\sync\model\data_type_store_service_impl.cc:95 - Model error type: 86
2026-05-25 21:55:09.173: [ERROR][Sync] Stoping type: Web Apps, error: ConstructDataTypeStoreOnFrontendSequence@components\sync\model\data_type_store_service_impl.cc:95 - Model error type: 86
2026-05-25 21:55:09.173: [INFO][Sync] Loading: Web Apps
2026-05-25 21:55:09.173: [INFO][Sync] Loading: History
2026-05-25 21:55:09.173: [ERROR][Sync] Load Saved Tab Group, failed: ConstructDataTypeStoreOnFrontendSequence@components\sync\model\data_type_store_service_impl.cc:95 - Model error type: 86
2026-05-25 21:55:09.173: [ERROR][Sync] Stoping type: Saved Tab Group, error: ConstructDataTypeStoreOnFrontendSequence@components\sync\model\data_type_store_service_impl.cc:95 - Model error type: 86
2026-05-25 21:55:09.173: [INFO][Sync] Loading: Saved Tab Group
2026-05-25 21:55:09.173: [ERROR][Sync] Load WebAuthn Credentials, failed: ConstructDataTypeStoreOnFrontendSequence@components\sync\model\data_type_store_service_impl.cc:95 - Model error type: 86
2026-05-25 21:55:09.173: [ERROR][Sync] Stoping type: WebAuthn Credentials, error: ConstructDataTypeStoreOnFrontendSequence@components\sync\model\data_type_store_service_impl.cc:95 - Model error type: 86
2026-05-25 21:55:09.173: [INFO][Sync] Loading: WebAuthn Credentials
2026-05-25 21:55:09.173: [ERROR][Sync] Load Collection, failed: ConstructDataTypeStoreOnFrontendSequence@components\sync\model\data_type_store_service_impl.cc:95 - Model error type: 86
2026-05-25 21:55:09.173: [ERROR][Sync] Stoping type: Collection, error: ConstructDataTypeStoreOnFrontendSequence@components\sync\model\data_type_store_service_impl.cc:95 - Model error type: 86
2026-05-25 21:55:09.173: [INFO][Sync] Loading: Collection
2026-05-25 21:55:09.173: [INFO][Sync] Loading: Edge E Drop
2026-05-25 21:55:09.173: [INFO][Sync] Loading: Edge Hub App Usage
2026-05-25 21:55:09.173: [INFO][Sync] Loading: Edge Wallet
2026-05-25 21:55:09.173: [ERROR][Sync] Load Edge Workspace, failed: ConstructDataTypeStoreOnFrontendSequence@components\sync\model\data_type_store_service_impl.cc:95 - Model error type: 86
2026-05-25 21:55:09.173: [ERROR][Sync] Stoping type: Edge Workspace, error: ConstructDataTypeStoreOnFrontendSequence@components\sync\model\data_type_store_service_impl.cc:95 - Model error type: 86
2026-05-25 21:55:09.173: [INFO][Sync] Loading: Edge Workspace
2026-05-25 21:55:09.175: [ERROR][Sync] Load Sessions, failed: ConstructDataTypeStoreOnFrontendSequence@components\sync\model\data_type_store_service_impl.cc:95 - Model error type: 86
2026-05-25 21:55:09.175: [ERROR][Sync] Stoping type: Sessions, error: ConstructDataTypeStoreOnFrontendSequence@components\sync\model\data_type_store_service_impl.cc:95 - Model error type: 86
2026-05-25 21:55:09.175: [ERROR][Sync] Load Extension settings, failed: ConstructDataTypeStoreOnFrontendSequence@components\sync\model\data_type_store_service_impl.cc:95 - Model error type: 86
2026-05-25 21:55:09.175: [ERROR][Sync] Stoping type: Extension settings, error: ConstructDataTypeStoreOnFrontendSequence@components\sync\model\data_type_store_service_impl.cc:95 - Model error type: 86
2026-05-25 21:55:09.175: [ERROR][Sync] Load Edge E Drop, failed: EDropSyncBridge@components\edge_e_drop\core\browser\sync\e_drop_sync_bridge.cc:71: DataTypeStore for Drop initialization failed
2026-05-25 21:55:09.175: [ERROR][Sync] Stoping type: Edge E Drop, error: EDropSyncBridge@components\edge_e_drop\core\browser\sync\e_drop_sync_bridge.cc:71: DataTypeStore for Drop initialization failed
2026-05-25 21:55:09.175: [ERROR][Sync] Load Edge Hub App Usage, failed: EdgeHubAppUsageSyncBridge@components\edge_hub_apps\sync\edge_hub_app_usage_sync_bridge.cc:55: ModelTypeStore for Hub App Usage initialization failed
2026-05-25 21:55:09.175: [ERROR][Sync] Stoping type: Edge Hub App Usage, error: EdgeHubAppUsageSyncBridge@components\edge_hub_apps\sync\edge_hub_app_usage_sync_bridge.cc:55: ModelTypeStore for Hub App Usage initialization failed
2026-05-25 21:55:09.175: [INFO][Sync] Configuring for: Bookmarks, Preferences, Passwords, Autofill Profiles, Autofill, Extensions, Sessions, Extension settings, History Delete Directives, Device Info, User Consents, Send Tab To Self, Web Apps, History, Saved Tab Group, WebAuthn Credentials, Collection, Edge E Drop, Edge Hub App Usage, Edge Wallet, Edge Workspace, Encryption Keys, reason: 6, current state: 2
2026-05-25 21:55:09.175: [WARN][Sync] Crypto error data types: 
2026-05-25 21:55:09.175: [INFO][Sync] Configure, desired: Bookmarks, History, Edge Wallet, Encryption Keys; Allow fail: Preferences, Passwords, Autofill Profiles, Autofill, Extensions, Sessions, Extension settings, History Delete Directives, Device Info, User Consents, Send Tab To Self, Web Apps, Saved Tab Group, WebAuthn Credentials, Collection, Edge E Drop, Edge Hub App Usage, Edge Workspace
2026-05-25 21:55:09.175: [INFO][Sync] All data types are ready for configure.
2026-05-25 21:55:10.416: [INFO][Sync] Started DataTypeManager configuration, reason: 5
2026-05-25 21:55:10.416: [INFO][Sync] Configuring for: Bookmarks, Preferences, Passwords, Autofill Profiles, Autofill, Extensions, Sessions, Extension settings, History Delete Directives, Device Info, User Consents, Send Tab To Self, Web Apps, History, Saved Tab Group, WebAuthn Credentials, Collection, Edge E Drop, Edge Hub App Usage, Edge Wallet, Edge Workspace, Encryption Keys, reason: 5, current state: 1
2026-05-25 21:55:10.419: [INFO][SyncEngineBackend::DoStartConfiguration] Start configuration
2026-05-25 21:55:10.419: [INFO][SyncManagerImpl::ConfigureSyncer] Types to download:  with reason: 6
2026-05-25 21:55:10.419: [INFO][SyncEngineBackend::DoFinishConfigureDataTypes] Failed to download types:  and succeeded types: 
2026-05-25 21:55:10.423: [INFO][Sync] ConfigurationDone, failed: , succeeded: , remaining count: 3
2026-05-25 21:55:10.423: [WARN][Sync]     Reconfigure requested while configuration ongoing.
2026-05-25 21:55:10.423: [INFO][Sync] Configuring for: Bookmarks, Preferences, Passwords, Autofill Profiles, Autofill, Extensions, Sessions, Extension settings, History Delete Directives, Device Info, User Consents, Send Tab To Self, Web Apps, History, Saved Tab Group, WebAuthn Credentials, Collection, Edge E Drop, Edge Hub App Usage, Edge Wallet, Edge Workspace, Encryption Keys, reason: 5, current state: 2
2026-05-25 21:55:10.423: [INFO][Sync] Configure, desired: Bookmarks, Passwords, Autofill Profiles, Autofill, History, Edge Wallet, Encryption Keys; Allow fail: Preferences, Extensions, Sessions, Extension settings, History Delete Directives, Device Info, User Consents, Send Tab To Self, Web Apps, Saved Tab Group, WebAuthn Credentials, Collection, Edge E Drop, Edge Hub App Usage, Edge Workspace
2026-05-25 21:55:10.424: [INFO][Sync] Loading: Passwords
2026-05-25 21:55:10.424: [INFO][Sync] Loading: Autofill Profiles
2026-05-25 21:55:10.424: [INFO][Sync] Loading: Autofill
2026-05-25 21:55:10.425: [INFO][Sync] All data types are ready for configure.
2026-05-25 21:55:10.425: [INFO][SyncManagerImpl::NudgeForInitialDownload] Initial download nudge for Passwords
2026-05-25 21:55:10.425: [INFO][SyncManagerImpl::ConfigureSyncer] Types to download:  with reason: 5
2026-05-25 21:55:10.425: [INFO][SyncEngineBackend::DoFinishConfigureDataTypes] Failed to download types:  and succeeded types: 
2026-05-25 21:55:10.425: [INFO][Sync] ConfigurationDone, failed: , succeeded: , remaining count: 4
2026-05-25 21:55:10.425: [INFO][Sync] Prepare to configure types: Passwords, Encryption Keys
2026-05-25 21:55:10.425: [INFO][SyncManagerImpl::ConfigureSyncer] Types to download: Passwords, Encryption Keys with reason: 5
2026-05-25 21:55:10.425: [INFO][SyncSchedulerImpl::DoConfigurationSyncCycleJob] Blocked types:  and types to download: Passwords, Encryption Keys
2026-05-25 21:55:10.804: [INFO][SyncEngineBackend::DoFinishConfigureDataTypes] Failed to download types:  and succeeded types: Passwords, Encryption Keys
2026-05-25 21:55:10.807: [INFO][Sync] ConfigurationDone, failed: , succeeded: Passwords, Encryption Keys, remaining count: 3
2026-05-25 21:55:10.807: [INFO][SyncManagerImpl::ConfigureSyncer] Types to download:  with reason: 5
2026-05-25 21:55:10.807: [INFO][SyncEngineBackend::DoFinishConfigureDataTypes] Failed to download types:  and succeeded types: 
2026-05-25 21:55:10.807: [INFO][Sync] ConfigurationDone, failed: , succeeded: , remaining count: 2
2026-05-25 21:55:10.807: [INFO][SyncManagerImpl::ConfigureSyncer] Types to download:  with reason: 5
2026-05-25 21:55:10.807: [INFO][SyncEngineBackend::DoFinishConfigureDataTypes] Failed to download types:  and succeeded types: 
2026-05-25 21:55:10.812: [INFO][Sync] ConfigurationDone, failed: , succeeded: , remaining count: 1
2026-05-25 21:55:10.814: [INFO][SyncManagerImpl::ConfigureSyncer] Types to download:  with reason: 5
2026-05-25 21:55:10.814: [INFO][SyncEngineBackend::DoFinishConfigureDataTypes] Failed to download types:  and succeeded types: 
2026-05-25 21:55:10.815: [INFO][Sync] ConfigurationDone, failed: , succeeded: , remaining count: 0
2026-05-25 21:55:10.818: [INFO][Sync]     Configuration completed, state: 7
2026-05-25 21:55:10.818: [INFO][Sync] Configured DataTypeManager: Ok
2026-05-25 21:55:10.821: [INFO][SyncEngineBackend::DoStartSyncing] Start syncing
2026-05-25 22:04:51.158: [INFO][Sync] Reset engine, reason: 0
2026-05-25 22:04:51.158: [INFO][Sync] Reset engine with reason: 0
